  Determining projects to restore...
C:\Users\ASUS\OneDrive\Desktop\lms_antigravity\LMS\LMS.csproj : warning NU1603: LMS depends on MySql.EntityFrameworkCore (>= 10.0.1-preview.1) but MySql.EntityFrameworkCore 10.0.1-preview.1 was not found. MySql.EntityFrameworkCore 10.0.1 was resolved instead.
C:\Users\ASUS\OneDrive\Desktop\lms_antigravity\LMS\LMS.csproj : warning NU1902: Package 'MimeKit' 4.8.0 has a known moderate severity vulnerability, https://github.com/advisories/GHSA-g7hc-96xr-gvvx
  All projects are up-to-date for restore.
C:\Users\ASUS\OneDrive\Desktop\lms_antigravity\LMS\LMS.csproj : warning NU1603: LMS depends on MySql.EntityFrameworkCore (>= 10.0.1-preview.1) but MySql.EntityFrameworkCore 10.0.1-preview.1 was not found. MySql.EntityFrameworkCore 10.0.1 was resolved instead.
C:\Users\ASUS\OneDrive\Desktop\lms_antigravity\LMS\LMS.csproj : warning NU1902: Package 'MimeKit' 4.8.0 has a known moderate severity vulnerability, https://github.com/advisories/GHSA-g7hc-96xr-gvvx
C:\Users\ASUS\OneDrive\Desktop\lms_antigravity\LMS\Models\EmployeeViewModels.cs(72,14): error CS0101: The namespace 'LMS.Models' already contains a definition for 'ChangePasswordViewModel' [C:\Users\ASUS\OneDrive\Desktop\lms_antigravity\LMS\LMS.csproj]

Build FAILED.

C:\Users\ASUS\OneDrive\Desktop\lms_antigravity\LMS\LMS.csproj : warning NU1603: LMS depends on MySql.EntityFrameworkCore (>= 10.0.1-preview.1) but MySql.EntityFrameworkCore 10.0.1-preview.1 was not found. MySql.EntityFrameworkCore 10.0.1 was resolved instead.
C:\Users\ASUS\OneDrive\Desktop\lms_antigravity\LMS\LMS.csproj : warning NU1902: Package 'MimeKit' 4.8.0 has a known moderate severity vulnerability, https://github.com/advisories/GHSA-g7hc-96xr-gvvx
C:\Users\ASUS\OneDrive\Desktop\lms_antigravity\LMS\LMS.csproj : warning NU1603: LMS depends on MySql.EntityFrameworkCore (>= 10.0.1-preview.1) but MySql.EntityFrameworkCore 10.0.1-preview.1 was not found. MySql.EntityFrameworkCore 10.0.1 was resolved instead.
C:\Users\ASUS\OneDrive\Desktop\lms_antigravity\LMS\LMS.csproj : warning NU1902: Package 'MimeKit' 4.8.0 has a known moderate severity vulnerability, https://github.com/advisories/GHSA-g7hc-96xr-gvvx
C:\Users\ASUS\OneDrive\Desktop\lms_antigravity\LMS\Models\EmployeeViewModels.cs(72,14): error CS0101: The namespace 'LMS.Models' already contains a definition for 'ChangePasswordViewModel' [C:\Users\ASUS\OneDrive\Desktop\lms_antigravity\LMS\LMS.csproj]
    4 Warning(s)
    1 Error(s)

Time Elapsed 00:00:02.64
